Retrieving speedtest.net configuration...
Retrieving speedtest.net server list...
Testing from TPG (14.201.14.242)...
Selecting best server based on latency...
Hosted by Telstra (Melbourne) [8.26 km]: 27.854 ms
Testing download speed........................................
Download: 5.29 Mbit/s
Testing upload speed..................................................
Upload: 0.83 Mbit/s
